// Jest Snapshot v1, https://goo.gl/fbAQLP

exports[`<Square> When Squares snapshot changes 1`] = `"<button class=\\"square \\">My text</button>"`;
